[insurshtml.websitelayout.net/index-02.html]
[backblue.gif]
[fade.gif]
[index.html]
[insurshtml.websitelayout.net/img/logos/favicon.png]
[insurshtml.websitelayout.net/img/logos/apple-touch-icon-57x57.png]
[insurshtml.websitelayout.net/img/logos/apple-touch-icon-72x72.png]
[insurshtml.websitelayout.net/img/logos/apple-touch-icon-114x114.png]
[insurshtml.websitelayout.net/css/plugins.css]
[insurshtml.websitelayout.net/search/search.css]
[insurshtml.websitelayout.net/quform/css/base.css]
[insurshtml.websitelayout.net/css/styles.css]
[insurshtml.websitelayout.net/index.html]
[insurshtml.websitelayout.net/img/logos/logo-inner.png]
[insurshtml.websitelayout.net/index-03.html]
[insurshtml.websitelayout.net/about.html]
[insurshtml.websitelayout.net/team.html]
[insurshtml.websitelayout.net/testimonials.html]
[insurshtml.websitelayout.net/pricing.html]
[insurshtml.websitelayout.net/contact.html]
[insurshtml.websitelayout.net/faq.html]
[insurshtml.websitelayout.net/comingsoon.html]
[insurshtml.websitelayout.net/404.html]
[insurshtml.websitelayout.net/services.html]
[insurshtml.websitelayout.net/life-insurance.html]
[insurshtml.websitelayout.net/car-insurance.html]
[insurshtml.websitelayout.net/health-insurance.html]
[insurshtml.websitelayout.net/home-insurance.html]
[insurshtml.websitelayout.net/travel-insurance.html]
[insurshtml.websitelayout.net/business-insurance.html]
[insurshtml.websitelayout.net/portfolio-two-columns.html]
[insurshtml.websitelayout.net/portfolio.html]
[insurshtml.websitelayout.net/portfolio-four-columns.html]
[insurshtml.websitelayout.net/portfolio-details.html]
[insurshtml.websitelayout.net/blog-grid-two-columns.html]
[insurshtml.websitelayout.net/blog-grid-two-columns-left-sidebar.html]
[insurshtml.websitelayout.net/blog-grid-two-columns-right-sidebar.html]
[insurshtml.websitelayout.net/blog-grid.html]
[insurshtml.websitelayout.net/blog-list.html]
[insurshtml.websitelayout.net/blog-details.html]
[insurshtml.websitelayout.net/accordion.html]
[insurshtml.websitelayout.net/alerts.html]
[insurshtml.websitelayout.net/blockquotes.html]
[insurshtml.websitelayout.net/buttons.html]
[insurshtml.websitelayout.net/call-to-action.html]
[insurshtml.websitelayout.net/carousel-slider.html]
[insurshtml.websitelayout.net/count-down.html]
[insurshtml.websitelayout.net/counter.html]
[insurshtml.websitelayout.net/dropcaps.html]
[insurshtml.websitelayout.net/forms.html]
[insurshtml.websitelayout.net/form-elements.html]
[insurshtml.websitelayout.net/font-icons.html]
[insurshtml.websitelayout.net/google-map.html]
[insurshtml.websitelayout.net/grid-system.html]
[insurshtml.websitelayout.net/highlights.html]
[insurshtml.websitelayout.net/header-1.html]
[insurshtml.websitelayout.net/header-2.html]
[insurshtml.websitelayout.net/icon-with-text.html]
[insurshtml.websitelayout.net/list-styles.html]
[insurshtml.websitelayout.net/media-object.html]
[insurshtml.websitelayout.net/modal.html]
[insurshtml.websitelayout.net/pagination.html]
[insurshtml.websitelayout.net/progress-bar.html]
[insurshtml.websitelayout.net/social-icons.html]
[insurshtml.websitelayout.net/tables.html]
[insurshtml.websitelayout.net/tabs.html]
[insurshtml.websitelayout.net/typography.html]
[insurshtml.websitelayout.net/video.html]
[insurshtml.websitelayout.net/img/banner/video-cover.jpg]
[insurshtml.websitelayout.net/img/partners/partner-1.png]
[insurshtml.websitelayout.net/img/partners/partner-2.png]
[insurshtml.websitelayout.net/img/partners/partner-3.png]
[insurshtml.websitelayout.net/img/partners/partner-4.png]
[insurshtml.websitelayout.net/img/content/about-07.jpg]
[insurshtml.websitelayout.net/img/icons/01.png]
[insurshtml.websitelayout.net/img/icons/02.png]
[insurshtml.websitelayout.net/img/content/about-08.jpg]
[insurshtml.websitelayout.net/img/service/service-01.jpg]
[insurshtml.websitelayout.net/img/service/service-02.jpg]
[insurshtml.websitelayout.net/img/service/service-03.jpg]
[insurshtml.websitelayout.net/img/bg/bg-07.jpg]
[insurshtml.websitelayout.net/img/content/quote-02.png]
[insurshtml.websitelayout.net/img/avatar/avatar-01.jpg]
[insurshtml.websitelayout.net/img/avatar/avatar-02.jpg]
[insurshtml.websitelayout.net/img/avatar/avatar-03.jpg]
[insurshtml.websitelayout.net/img/content/about-09.jpg]
[insurshtml.websitelayout.net/img/blog/blog-01.jpg]
[insurshtml.websitelayout.net/img/blog/blog-02.jpg]
[insurshtml.websitelayout.net/img/blog/blog-03.jpg]
[insurshtml.websitelayout.net/js/jquery.min.js]
[insurshtml.websitelayout.net/js/popper.min.js]
[insurshtml.websitelayout.net/js/bootstrap.min.js]
[insurshtml.websitelayout.net/js/core.min.js]
[insurshtml.websitelayout.net/search/search.js]
[insurshtml.websitelayout.net/js/main.js]
[insurshtml.websitelayout.net/quform/js/plugins.js]
[insurshtml.websitelayout.net/quform/js/scripts.js]
[insurshtml.websitelayout.net/index-02.html]
[insurshtml.websitelayout.net/fonts/fa-brands-400.woff2]
[insurshtml.websitelayout.net/index-2.html]
[insurshtml.websitelayout.net/fonts/fa-brands-400.ttf]
[insurshtml.websitelayout.net/fonts/fa-regular-400.woff2]
[insurshtml.websitelayout.net/fonts/fa-regular-400.ttf]
[insurshtml.websitelayout.net/fonts/fa-solid-900.woff2]
[insurshtml.websitelayout.net/fonts/fa-solid-900.ttf]
[insurshtml.websitelayout.net/fonts/fa-v4compatibility.woff2]
[insurshtml.websitelayout.net/fonts/fa-v4compatibility.ttf]
[insurshtml.websitelayout.net/fonts/et-line.eot]
[insurshtml.websitelayout.net/fonts/et-lined41dd41d.eot]
[insurshtml.websitelayout.net/fonts/et-line.woff]
[insurshtml.websitelayout.net/fonts/et-line.ttf]
[insurshtml.websitelayout.net/fonts/themify9f24.eot]
[insurshtml.websitelayout.net/fonts/themifyd41d.eot]
[insurshtml.websitelayout.net/fonts/themify9f24.woff]
[insurshtml.websitelayout.net/fonts/themify9f24.ttf]
[insurshtml.websitelayout.net/fonts/lg8306.ttf]
[insurshtml.websitelayout.net/fonts/lg8306.woff]
[insurshtml.websitelayout.net/img/content/loading.gif]
[insurshtml.websitelayout.net/css/plugins.css]
[insurshtml.websitelayout.net/search/search.css]
[insurshtml.websitelayout.net/quform/images/captcha-refresh-icon.png]
[insurshtml.websitelayout.net/quform/images/default-loading.gif]
[insurshtml.websitelayout.net/quform/images/error.png]
[insurshtml.websitelayout.net/quform/images/success.png]
[insurshtml.websitelayout.net/quform/images/help-icon.png]
[insurshtml.websitelayout.net/quform/css/base.css]
[insurshtml.websitelayout.net/quform/images/close.png]
[insurshtml.websitelayout.net/css/styles.css]
[insurshtml.websitelayout.net/img/banner/slide-01.jpg]
[insurshtml.websitelayout.net/img/banner/slide-02.jpg]
[insurshtml.websitelayout.net/img/banner/slide-03.jpg]
[insurshtml.websitelayout.net/img/content/about-06.jpg]
[insurshtml.websitelayout.net/img/content/about-10.jpg]
[insurshtml.websitelayout.net/img/icons/icon-03.png]
[insurshtml.websitelayout.net/img/icons/icon-04.png]
[insurshtml.websitelayout.net/img/icons/icon-05.png]
[insurshtml.websitelayout.net/img/icons/icon-06.png]
[insurshtml.websitelayout.net/img/content/about-05.jpg]
[insurshtml.websitelayout.net/img/bg/bg-08.jpg]
[insurshtml.websitelayout.net/img/icons/04.png]
[insurshtml.websitelayout.net/img/partners/partner-7.png]
[insurshtml.websitelayout.net/img/partners/partner-8.png]
[insurshtml.websitelayout.net/img/partners/partner-9.png]
[insurshtml.websitelayout.net/img/partners/partner-10.png]
[insurshtml.websitelayout.net/img/partners/partner-11.png]
[insurshtml.websitelayout.net/img/partners/partner-12.png]
[insurshtml.websitelayout.net/index.html]
[insurshtml.websitelayout.net/img/logos/logo.png]
[insurshtml.websitelayout.net/img/banner/banner-01.jpg]
[insurshtml.websitelayout.net/img/content/about-03.jpg]
[insurshtml.websitelayout.net/img/content/about-04.jpg]
[insurshtml.websitelayout.net/img/icons/03.png]
[insurshtml.websitelayout.net/img/service/service-1.jpg]
[insurshtml.websitelayout.net/img/service/service-2.jpg]
[insurshtml.websitelayout.net/img/service/service-3.jpg]
[insurshtml.websitelayout.net/img/service/service-4.jpg]
[insurshtml.websitelayout.net/img/service/service-5.jpg]
[insurshtml.websitelayout.net/img/service/service-6.jpg]
[insurshtml.websitelayout.net/img/bg/bg-02.jpg]
[insurshtml.websitelayout.net/img/content/faq1.jpg]
[insurshtml.websitelayout.net/img/content/faq2.jpg]
[insurshtml.websitelayout.net/img/team/team-01.jpg]
[insurshtml.websitelayout.net/img/team/team-02.jpg]
[insurshtml.websitelayout.net/img/team/team-03.jpg]
[insurshtml.websitelayout.net/img/content/quote.png]
[insurshtml.websitelayout.net/index-03.html]
[insurshtml.websitelayout.net/img/bg/bg-04.jpg]
[insurshtml.websitelayout.net/img/banner/page-title.jpg]
[insurshtml.websitelayout.net/img/content/about-01.jpg]
[insurshtml.websitelayout.net/img/content/about-02.jpg]
[insurshtml.websitelayout.net/img/content/quote-right.png]
[insurshtml.websitelayout.net/img/content/history1.jpg]
[insurshtml.websitelayout.net/img/content/history2.jpg]
[insurshtml.websitelayout.net/img/content/history3.jpg]
[insurshtml.websitelayout.net/img/content/history4.jpg]
[insurshtml.websitelayout.net/img/content/history5.jpg]
[insurshtml.websitelayout.net/img/partners/map.png]
[insurshtml.websitelayout.net/img/partners/partner-5.png]
[insurshtml.websitelayout.net/img/partners/partner-6.png]
[insurshtml.websitelayout.net/about.html]
[insurshtml.websitelayout.net/img/team/team-04.jpg]
[insurshtml.websitelayout.net/img/team/team-05.jpg]
[insurshtml.websitelayout.net/img/team/team-06.jpg]
[insurshtml.websitelayout.net/img/team/team-07.jpg]
[insurshtml.websitelayout.net/img/team/team-08.jpg]
[insurshtml.websitelayout.net/team.html]
[insurshtml.websitelayout.net/img/avatar/avatar-04.jpg]
[insurshtml.websitelayout.net/img/content/about-11.jpg]
[insurshtml.websitelayout.net/img/content/about-12.jpg]
[insurshtml.websitelayout.net/testimonials.html]
[insurshtml.websitelayout.net/pricing.html]
[insurshtml.websitelayout.net/quform/images/captcha/courier-new-light.png]
[insurshtml.websitelayout.net/contact.html]
[insurshtml.websitelayout.net/faq.html]
[insurshtml.websitelayout.net/img/bg/bg-01.jpg]
[insurshtml.websitelayout.net/comingsoon.html]
[insurshtml.websitelayout.net/img/content/error.png]
[insurshtml.websitelayout.net/404.html]
[insurshtml.websitelayout.net/img/content/about-service-01.jpg]
[insurshtml.websitelayout.net/img/content/about-service-02.jpg]
[insurshtml.websitelayout.net/img/content/service-features-img-01.jpg]
[insurshtml.websitelayout.net/img/content/service-features-img-02.jpg]
[insurshtml.websitelayout.net/img/content/service-features-img-03.jpg]
[insurshtml.websitelayout.net/services.html]
[insurshtml.websitelayout.net/img/bg/bg-03.jpg]
[insurshtml.websitelayout.net/img/service/service-details.jpg]
[insurshtml.websitelayout.net/life-insurance.html]
[insurshtml.websitelayout.net/img/service/service-details7.jpg]
[insurshtml.websitelayout.net/car-insurance.html]
[insurshtml.websitelayout.net/img/service/service-details8.jpg]
[insurshtml.websitelayout.net/img/service/service-details1.jpg]
[insurshtml.websitelayout.net/img/service/service-details2.jpg]
[insurshtml.websitelayout.net/health-insurance.html]
[insurshtml.websitelayout.net/img/service/service-details9.jpg]
[insurshtml.websitelayout.net/img/service/service-details3.jpg]
[insurshtml.websitelayout.net/img/service/service-details4.jpg]
[insurshtml.websitelayout.net/home-insurance.html]
[insurshtml.websitelayout.net/img/service/service-details10.jpg]
[insurshtml.websitelayout.net/img/service/service-details5.jpg]
[insurshtml.websitelayout.net/img/service/service-details6.jpg]
[insurshtml.websitelayout.net/travel-insurance.html]
[insurshtml.websitelayout.net/img/service/service-details11.jpg]
[insurshtml.websitelayout.net/business-insurance.html]
[insurshtml.websitelayout.net/img/portfolio/portfolio-01.jpg]
[insurshtml.websitelayout.net/img/portfolio/portfolio-02.jpg]
[insurshtml.websitelayout.net/img/portfolio/portfolio-03.jpg]
[insurshtml.websitelayout.net/img/portfolio/portfolio-04.jpg]
[insurshtml.websitelayout.net/img/portfolio/portfolio-05.jpg]
[insurshtml.websitelayout.net/img/portfolio/portfolio-06.jpg]
[insurshtml.websitelayout.net/portfolio-two-columns.html]
[insurshtml.websitelayout.net/portfolio.html]
[insurshtml.websitelayout.net/img/portfolio/portfolio-07.jpg]
[insurshtml.websitelayout.net/portfolio-four-columns.html]
[insurshtml.websitelayout.net/img/portfolio/portfolio-08.jpg]
[insurshtml.websitelayout.net/img/portfolio/portfolio-details-1.jpg]
[insurshtml.websitelayout.net/img/portfolio/prev-portfolio.jpg]
[insurshtml.websitelayout.net/img/portfolio/next-portfolio.jpg]
[insurshtml.websitelayout.net/portfolio-details.html]
[insurshtml.websitelayout.net/img/blog/blog-04.jpg]
[insurshtml.websitelayout.net/img/blog/blog-05.jpg]
[insurshtml.websitelayout.net/img/blog/blog-06.jpg]
[insurshtml.websitelayout.net/blog-grid-two-columns.html]
[insurshtml.websitelayout.net/img/blog/01.jpg]
[insurshtml.websitelayout.net/img/blog/02.jpg]
[insurshtml.websitelayout.net/img/blog/03.jpg]
[insurshtml.websitelayout.net/blog-grid-two-columns-left-sidebar.html]
[insurshtml.websitelayout.net/blog-grid-two-columns-right-sidebar.html]
[insurshtml.websitelayout.net/blog-grid.html]
[insurshtml.websitelayout.net/blog-list.html]
[insurshtml.websitelayout.net/img/blog/blog-post-02.jpg]
[insurshtml.websitelayout.net/img/blog/blog-post-03.jpg]
[insurshtml.websitelayout.net/img/blog/prev-blog.jpg]
[insurshtml.websitelayout.net/img/blog/next-blog.jpg]
[insurshtml.websitelayout.net/blog-details.html]
[insurshtml.websitelayout.net/accordion.html]
[insurshtml.websitelayout.net/alerts.html]
[insurshtml.websitelayout.net/img/bg/footer-map.png]
[insurshtml.websitelayout.net/img/logos/footer-light-logo.png]
[insurshtml.websitelayout.net/blockquotes.html]
[insurshtml.websitelayout.net/buttons.html]
[insurshtml.websitelayout.net/img/bg/bg-06.jpg]
[insurshtml.websitelayout.net/call-to-action.html]
[insurshtml.websitelayout.net/carousel-slider.html]
[insurshtml.websitelayout.net/count-down.html]
[insurshtml.websitelayout.net/counter.html]
[insurshtml.websitelayout.net/dropcaps.html]
[insurshtml.websitelayout.net/forms.html]
[insurshtml.websitelayout.net/form-elements.html]
[insurshtml.websitelayout.net/font-icons.html]
[insurshtml.websitelayout.net/google-map.html]
[insurshtml.websitelayout.net/grid-system.html]
[insurshtml.websitelayout.net/highlights.html]
[insurshtml.websitelayout.net/header-1.html]
[insurshtml.websitelayout.net/header-2.html]
[insurshtml.websitelayout.net/img/service/service-7.jpg]
[insurshtml.websitelayout.net/img/service/service-8.jpg]
[insurshtml.websitelayout.net/icon-with-text.html]
[insurshtml.websitelayout.net/list-styles.html]
[insurshtml.websitelayout.net/img/blog/blog-thumb1.jpg]
[insurshtml.websitelayout.net/media-object.html]
[insurshtml.websitelayout.net/img/blog/blog-thumb2.jpg]
[insurshtml.websitelayout.net/modal.html]
[insurshtml.websitelayout.net/pagination.html]
[insurshtml.websitelayout.net/progress-bar.html]
[insurshtml.websitelayout.net/social-icons.html]
[insurshtml.websitelayout.net/tables.html]
[insurshtml.websitelayout.net/tabs.html]
[insurshtml.websitelayout.net/typography.html]
[insurshtml.websitelayout.net/img/bg/bg-05.jpg]
[insurshtml.websitelayout.net/video.html]
[insurshtml.websitelayout.net/index-2.html]
[insurshtml.websitelayout.net/fonts/et-line.html]
[insurshtml.websitelayout.net/fonts/themify9f24.svg]
[insurshtml.websitelayout.net/css/owl.video.play.html]
[insurshtml.websitelayout.net/fonts/lg8306.svg]
[insurshtml.websitelayout.net/img/icons/vimeo-play.html]
[insurshtml.websitelayout.net/img/icons/video-play.html]
[insurshtml.websitelayout.net/img/icons/youtube-play.html]
